running egg_info
creating ../../build/my_path_publisher/my_path_publisher.egg-info
writing ../../build/my_path_publisher/my_path_publisher.egg-info/PKG-INFO
writing dependency_links to ../../build/my_path_publisher/my_path_publisher.egg-info/dependency_links.txt
writing entry points to ../../build/my_path_publisher/my_path_publisher.egg-info/entry_points.txt
writing requirements to ../../build/my_path_publisher/my_path_publisher.egg-info/requires.txt
writing top-level names to ../../build/my_path_publisher/my_path_publisher.egg-info/top_level.txt
writing manifest file '../../build/my_path_publisher/my_path_publisher.egg-info/SOURCES.txt'
reading manifest file '../../build/my_path_publisher/my_path_publisher.egg-info/SOURCES.txt'
writing manifest file '../../build/my_path_publisher/my_path_publisher.egg-info/SOURCES.txt'
running build
running build_py
creating /home/dmitrytorov/radar/build/my_path_publisher/build/lib/my_path_publisher
copying my_path_publisher/path_publisher.py -> /home/dmitrytorov/radar/build/my_path_publisher/build/lib/my_path_publisher
copying my_path_publisher/__init__.py -> /home/dmitrytorov/radar/build/my_path_publisher/build/lib/my_path_publisher
running install
running install_lib
creating /home/dmitrytorov/radar/install/my_path_publisher/lib/python3.10/site-packages/my_path_publisher
copying /home/dmitrytorov/radar/build/my_path_publisher/build/lib/my_path_publisher/path_publisher.py -> /home/dmitrytorov/radar/install/my_path_publisher/lib/python3.10/site-packages/my_path_publisher
copying /home/dmitrytorov/radar/build/my_path_publisher/build/lib/my_path_publisher/__init__.py -> /home/dmitrytorov/radar/install/my_path_publisher/lib/python3.10/site-packages/my_path_publisher
byte-compiling /home/dmitrytorov/radar/install/my_path_publisher/lib/python3.10/site-packages/my_path_publisher/path_publisher.py to path_publisher.cpython-310.pyc
byte-compiling /home/dmitrytorov/radar/install/my_path_publisher/lib/python3.10/site-packages/my_path_publisher/__init__.py to __init__.cpython-310.pyc
running install_data
creating /home/dmitrytorov/radar/install/my_path_publisher/share/ament_index/resource_index/packages
copying resource/my_path_publisher -> /home/dmitrytorov/radar/install/my_path_publisher/share/ament_index/resource_index/packages
copying package.xml -> /home/dmitrytorov/radar/install/my_path_publisher/share/my_path_publisher
running install_egg_info
Copying ../../build/my_path_publisher/my_path_publisher.egg-info to /home/dmitrytorov/radar/install/my_path_publisher/lib/python3.10/site-packages/my_path_publisher-0.0.0-py3.10.egg-info
running install_scripts
Installing path_publisher script to /home/dmitrytorov/radar/install/my_path_publisher/lib/my_path_publisher
writing list of installed files to '/home/dmitrytorov/radar/build/my_path_publisher/install.log'
