[1.095s] Invoking command in '/home/dmitrytorov/radar/src/my_path_publisher': PYTHONPATH=/home/dmitrytorov/radar/build/my_path_publisher/prefix_override:/usr/lib/python3/dist-packages/colcon_core/task/python/colcon_distutils_commands:/home/dmitrytorov/radar/install/my_path_publisher/lib/python3.10/site-packages:${PYTHONPATH} /usr/bin/python3 -W ignore:setup.py install is deprecated -W ignore:easy_install command is deprecated setup.py egg_info --egg-base ../../build/my_path_publisher build --build-base /home/dmitrytorov/radar/build/my_path_publisher/build install --record /home/dmitrytorov/radar/build/my_path_publisher/install.log --single-version-externally-managed install_data
[1.365s] running egg_info
[1.383s] creating ../../build/my_path_publisher/my_path_publisher.egg-info
[1.383s] writing ../../build/my_path_publisher/my_path_publisher.egg-info/PKG-INFO
[1.383s] writing dependency_links to ../../build/my_path_publisher/my_path_publisher.egg-info/dependency_links.txt
[1.384s] writing entry points to ../../build/my_path_publisher/my_path_publisher.egg-info/entry_points.txt
[1.384s] writing requirements to ../../build/my_path_publisher/my_path_publisher.egg-info/requires.txt
[1.384s] writing top-level names to ../../build/my_path_publisher/my_path_publisher.egg-info/top_level.txt
[1.384s] writing manifest file '../../build/my_path_publisher/my_path_publisher.egg-info/SOURCES.txt'
[1.422s] reading manifest file '../../build/my_path_publisher/my_path_publisher.egg-info/SOURCES.txt'
[1.423s] writing manifest file '../../build/my_path_publisher/my_path_publisher.egg-info/SOURCES.txt'
[1.423s] running build
[1.423s] running build_py
[1.423s] creating /home/dmitrytorov/radar/build/my_path_publisher/build/lib/my_path_publisher
[1.424s] copying my_path_publisher/path_publisher.py -> /home/dmitrytorov/radar/build/my_path_publisher/build/lib/my_path_publisher
[1.424s] copying my_path_publisher/__init__.py -> /home/dmitrytorov/radar/build/my_path_publisher/build/lib/my_path_publisher
[1.424s] running install
[1.428s] running install_lib
[1.447s] creating /home/dmitrytorov/radar/install/my_path_publisher/lib/python3.10/site-packages/my_path_publisher
[1.448s] copying /home/dmitrytorov/radar/build/my_path_publisher/build/lib/my_path_publisher/path_publisher.py -> /home/dmitrytorov/radar/install/my_path_publisher/lib/python3.10/site-packages/my_path_publisher
[1.448s] copying /home/dmitrytorov/radar/build/my_path_publisher/build/lib/my_path_publisher/__init__.py -> /home/dmitrytorov/radar/install/my_path_publisher/lib/python3.10/site-packages/my_path_publisher
[1.448s] byte-compiling /home/dmitrytorov/radar/install/my_path_publisher/lib/python3.10/site-packages/my_path_publisher/path_publisher.py to path_publisher.cpython-310.pyc
[1.448s] byte-compiling /home/dmitrytorov/radar/install/my_path_publisher/lib/python3.10/site-packages/my_path_publisher/__init__.py to __init__.cpython-310.pyc
[1.448s] running install_data
[1.449s] creating /home/dmitrytorov/radar/install/my_path_publisher/share/ament_index/resource_index/packages
[1.449s] copying resource/my_path_publisher -> /home/dmitrytorov/radar/install/my_path_publisher/share/ament_index/resource_index/packages
[1.449s] copying package.xml -> /home/dmitrytorov/radar/install/my_path_publisher/share/my_path_publisher
[1.449s] running install_egg_info
[1.469s] Copying ../../build/my_path_publisher/my_path_publisher.egg-info to /home/dmitrytorov/radar/install/my_path_publisher/lib/python3.10/site-packages/my_path_publisher-0.0.0-py3.10.egg-info
[1.469s] running install_scripts
[1.617s] Installing path_publisher script to /home/dmitrytorov/radar/install/my_path_publisher/lib/my_path_publisher
[1.617s] writing list of installed files to '/home/dmitrytorov/radar/build/my_path_publisher/install.log'
[1.655s] Invoked command in '/home/dmitrytorov/radar/src/my_path_publisher' returned '0': PYTHONPATH=/home/dmitrytorov/radar/build/my_path_publisher/prefix_override:/usr/lib/python3/dist-packages/colcon_core/task/python/colcon_distutils_commands:/home/dmitrytorov/radar/install/my_path_publisher/lib/python3.10/site-packages:${PYTHONPATH} /usr/bin/python3 -W ignore:setup.py install is deprecated -W ignore:easy_install command is deprecated setup.py egg_info --egg-base ../../build/my_path_publisher build --build-base /home/dmitrytorov/radar/build/my_path_publisher/build install --record /home/dmitrytorov/radar/build/my_path_publisher/install.log --single-version-externally-managed install_data
