[0.238s] Invoking command in '/home/dmitrytorov/radar/build/my_robot': CMAKE_PREFIX_PATH=${CMAKE_PREFIX_PATH}:/home/dmitrytorov/turtlebot3_ws/install/turtlebot3_teleop:/home/dmitrytorov/turtlebot3_ws/install/turtlebot3_example:/home/dmitrytorov/ros2_learners/install/robot_math:/home/dmitrytorov/ros2_learners/install/ai_assitance:/home/dmitrytorov/pass_course_part1/install/twist_converter:/home/dmitrytorov/pass_course_part1/install/my_two_wheel_robot:/home/dmitrytorov/pass_course_part1/install/my_path_publisher:/home/dmitrytorov/pass_course_part1/install/my_fake_lidar:/opt/ros/humble /usr/bin/cmake /home/dmitrytorov/radar/src/my_robot -DCMAKE_INSTALL_PREFIX=/home/dmitrytorov/radar/install/my_robot
[0.296s] -- The C compiler identification is GNU 11.4.0
[0.353s] -- The CXX compiler identification is GNU 11.4.0
[0.361s] -- Detecting C compiler ABI info
[0.440s] -- Detecting C compiler ABI info - done
[0.446s] -- Check for working C compiler: /usr/bin/cc - skipped
[0.446s] -- Detecting C compile features
[0.446s] -- Detecting C compile features - done
[0.449s] -- Detecting CXX compiler ABI info
[0.537s] -- Detecting CXX compiler ABI info - done
[0.543s] -- Check for working CXX compiler: /usr/bin/c++ - skipped
[0.543s] -- Detecting CXX compile features
[0.544s] -- Detecting CXX compile features - done
[0.549s] -- Found ament_cmake: 1.3.11 (/opt/ros/humble/share/ament_cmake/cmake)
[0.911s] -- Found Python3: /usr/bin/python3 (found version "3.10.12") found components: Interpreter 
[1.040s] -- Found ament_lint_auto: 0.12.12 (/opt/ros/humble/share/ament_lint_auto/cmake)
[1.141s] -- Added test 'flake8' to check Python code syntax and style conventions
[1.142s] -- Added test 'lint_cmake' to check CMake code style
[1.142s] -- Added test 'pep257' to check Python code against some of the docstring style conventions in PEP 257
[1.145s] -- Added test 'xmllint' to check XML markup files
[1.147s] -- Configuring done
[1.150s] -- Generating done
[1.152s] -- Build files have been written to: /home/dmitrytorov/radar/build/my_robot
[1.157s] Invoked command in '/home/dmitrytorov/radar/build/my_robot' returned '0': CMAKE_PREFIX_PATH=${CMAKE_PREFIX_PATH}:/home/dmitrytorov/turtlebot3_ws/install/turtlebot3_teleop:/home/dmitrytorov/turtlebot3_ws/install/turtlebot3_example:/home/dmitrytorov/ros2_learners/install/robot_math:/home/dmitrytorov/ros2_learners/install/ai_assitance:/home/dmitrytorov/pass_course_part1/install/twist_converter:/home/dmitrytorov/pass_course_part1/install/my_two_wheel_robot:/home/dmitrytorov/pass_course_part1/install/my_path_publisher:/home/dmitrytorov/pass_course_part1/install/my_fake_lidar:/opt/ros/humble /usr/bin/cmake /home/dmitrytorov/radar/src/my_robot -DCMAKE_INSTALL_PREFIX=/home/dmitrytorov/radar/install/my_robot
[1.158s] Invoking command in '/home/dmitrytorov/radar/build/my_robot': CMAKE_PREFIX_PATH=${CMAKE_PREFIX_PATH}:/home/dmitrytorov/turtlebot3_ws/install/turtlebot3_teleop:/home/dmitrytorov/turtlebot3_ws/install/turtlebot3_example:/home/dmitrytorov/ros2_learners/install/robot_math:/home/dmitrytorov/ros2_learners/install/ai_assitance:/home/dmitrytorov/pass_course_part1/install/twist_converter:/home/dmitrytorov/pass_course_part1/install/my_two_wheel_robot:/home/dmitrytorov/pass_course_part1/install/my_path_publisher:/home/dmitrytorov/pass_course_part1/install/my_fake_lidar:/opt/ros/humble /usr/bin/cmake --build /home/dmitrytorov/radar/build/my_robot -- -j12 -l12
[1.204s] Invoked command in '/home/dmitrytorov/radar/build/my_robot' returned '0': CMAKE_PREFIX_PATH=${CMAKE_PREFIX_PATH}:/home/dmitrytorov/turtlebot3_ws/install/turtlebot3_teleop:/home/dmitrytorov/turtlebot3_ws/install/turtlebot3_example:/home/dmitrytorov/ros2_learners/install/robot_math:/home/dmitrytorov/ros2_learners/install/ai_assitance:/home/dmitrytorov/pass_course_part1/install/twist_converter:/home/dmitrytorov/pass_course_part1/install/my_two_wheel_robot:/home/dmitrytorov/pass_course_part1/install/my_path_publisher:/home/dmitrytorov/pass_course_part1/install/my_fake_lidar:/opt/ros/humble /usr/bin/cmake --build /home/dmitrytorov/radar/build/my_robot -- -j12 -l12
[1.216s] Invoking command in '/home/dmitrytorov/radar/build/my_robot': CMAKE_PREFIX_PATH=${CMAKE_PREFIX_PATH}:/home/dmitrytorov/turtlebot3_ws/install/turtlebot3_teleop:/home/dmitrytorov/turtlebot3_ws/install/turtlebot3_example:/home/dmitrytorov/ros2_learners/install/robot_math:/home/dmitrytorov/ros2_learners/install/ai_assitance:/home/dmitrytorov/pass_course_part1/install/twist_converter:/home/dmitrytorov/pass_course_part1/install/my_two_wheel_robot:/home/dmitrytorov/pass_course_part1/install/my_path_publisher:/home/dmitrytorov/pass_course_part1/install/my_fake_lidar:/opt/ros/humble /usr/bin/cmake --install /home/dmitrytorov/radar/build/my_robot
[1.224s] -- Install configuration: ""
[1.225s] -- Installing: /home/dmitrytorov/radar/install/my_robot/share/my_robot/launch
[1.225s] -- Installing: /home/dmitrytorov/radar/install/my_robot/share/my_robot/launch/launch_sim.launch.py
[1.225s] -- Installing: /home/dmitrytorov/radar/install/my_robot/share/my_robot/launch/rsp.launch.py
[1.225s] -- Installing: /home/dmitrytorov/radar/install/my_robot/share/my_robot/launch/launch_slam.launch.py
[1.225s] -- Installing: /home/dmitrytorov/radar/install/my_robot/share/my_robot/urdf
[1.225s] -- Installing: /home/dmitrytorov/radar/install/my_robot/share/my_robot/urdf/IMU.xacro
[1.225s] -- Installing: /home/dmitrytorov/radar/install/my_robot/share/my_robot/urdf/lidar.xacro
[1.226s] -- Installing: /home/dmitrytorov/radar/install/my_robot/share/my_robot/urdf/gazebo_control.xacro
[1.226s] -- Installing: /home/dmitrytorov/radar/install/my_robot/share/my_robot/urdf/robot_core.xacro
[1.226s] -- Installing: /home/dmitrytorov/radar/install/my_robot/share/my_robot/urdf/my_robot.urdf.xacro
[1.226s] -- Installing: /home/dmitrytorov/radar/install/my_robot/share/my_robot/urdf/3d_lidar.xacro
[1.226s] -- Installing: /home/dmitrytorov/radar/install/my_robot/share/my_robot/urdf/camera.xacro
[1.226s] -- Installing: /home/dmitrytorov/radar/install/my_robot/share/my_robot/urdf/depth_camera_2.xacro
[1.226s] -- Installing: /home/dmitrytorov/radar/install/my_robot/share/my_robot/urdf/radar.xacro
[1.226s] -- Installing: /home/dmitrytorov/radar/install/my_robot/share/my_robot/urdf/depth_camera.xacro
[1.226s] -- Installing: /home/dmitrytorov/radar/install/my_robot/share/my_robot/config
[1.226s] -- Installing: /home/dmitrytorov/radar/install/my_robot/share/my_robot/config/mapper_params_online_async.yaml
[1.226s] -- Installing: /home/dmitrytorov/radar/install/my_robot/share/my_robot/config/diff_drive_controllers.yaml
[1.226s] -- Installing: /home/dmitrytorov/radar/install/my_robot/share/my_robot/rviz
[1.227s] -- Installing: /home/dmitrytorov/radar/install/my_robot/share/my_robot/rviz/2_depth_cameras.rviz
[1.227s] -- Installing: /home/dmitrytorov/radar/install/my_robot/share/my_robot/rviz/rviz.rviz
[1.227s] -- Installing: /home/dmitrytorov/radar/install/my_robot/share/my_robot/rviz/slam.rviz
[1.227s] -- Installing: /home/dmitrytorov/radar/install/my_robot/share/my_robot/meshes
[1.227s] -- Installing: /home/dmitrytorov/radar/install/my_robot/share/my_robot/meshes/depth_camera.STL
[1.227s] -- Installing: /home/dmitrytorov/radar/install/my_robot/share/my_robot/meshes/robot_base_link.STL
[1.228s] -- Installing: /home/dmitrytorov/radar/install/my_robot/share/my_robot/meshes/IMU.STL
[1.228s] -- Installing: /home/dmitrytorov/radar/install/my_robot/share/my_robot/meshes/wheel.STL
[1.228s] -- Installing: /home/dmitrytorov/radar/install/my_robot/share/my_robot/meshes/camera.STL
[1.228s] -- Installing: /home/dmitrytorov/radar/install/my_robot/share/my_robot/meshes/lidar.STL
[1.228s] -- Installing: /home/dmitrytorov/radar/install/my_robot/share/my_robot/meshes/radar.STL
[1.229s] -- Installing: /home/dmitrytorov/radar/install/my_robot/share/my_robot/worlds
[1.229s] -- Installing: /home/dmitrytorov/radar/install/my_robot/share/my_robot/worlds/my_world.world
[1.229s] -- Installing: /home/dmitrytorov/radar/install/my_robot/share/ament_index/resource_index/package_run_dependencies/my_robot
[1.229s] -- Installing: /home/dmitrytorov/radar/install/my_robot/share/ament_index/resource_index/parent_prefix_path/my_robot
[1.230s] -- Installing: /home/dmitrytorov/radar/install/my_robot/share/my_robot/environment/ament_prefix_path.sh
[1.230s] -- Installing: /home/dmitrytorov/radar/install/my_robot/share/my_robot/environment/ament_prefix_path.dsv
[1.230s] -- Installing: /home/dmitrytorov/radar/install/my_robot/share/my_robot/environment/path.sh
[1.230s] -- Installing: /home/dmitrytorov/radar/install/my_robot/share/my_robot/environment/path.dsv
[1.230s] -- Installing: /home/dmitrytorov/radar/install/my_robot/share/my_robot/local_setup.bash
[1.230s] -- Installing: /home/dmitrytorov/radar/install/my_robot/share/my_robot/local_setup.sh
[1.231s] -- Installing: /home/dmitrytorov/radar/install/my_robot/share/my_robot/local_setup.zsh
[1.231s] -- Installing: /home/dmitrytorov/radar/install/my_robot/share/my_robot/local_setup.dsv
[1.231s] -- Installing: /home/dmitrytorov/radar/install/my_robot/share/my_robot/package.dsv
[1.231s] -- Installing: /home/dmitrytorov/radar/install/my_robot/share/ament_index/resource_index/packages/my_robot
[1.232s] -- Installing: /home/dmitrytorov/radar/install/my_robot/share/my_robot/cmake/my_robotConfig.cmake
[1.232s] -- Installing: /home/dmitrytorov/radar/install/my_robot/share/my_robot/cmake/my_robotConfig-version.cmake
[1.232s] -- Installing: /home/dmitrytorov/radar/install/my_robot/share/my_robot/package.xml
[1.234s] Invoked command in '/home/dmitrytorov/radar/build/my_robot' returned '0': CMAKE_PREFIX_PATH=${CMAKE_PREFIX_PATH}:/home/dmitrytorov/turtlebot3_ws/install/turtlebot3_teleop:/home/dmitrytorov/turtlebot3_ws/install/turtlebot3_example:/home/dmitrytorov/ros2_learners/install/robot_math:/home/dmitrytorov/ros2_learners/install/ai_assitance:/home/dmitrytorov/pass_course_part1/install/twist_converter:/home/dmitrytorov/pass_course_part1/install/my_two_wheel_robot:/home/dmitrytorov/pass_course_part1/install/my_path_publisher:/home/dmitrytorov/pass_course_part1/install/my_fake_lidar:/opt/ros/humble /usr/bin/cmake --install /home/dmitrytorov/radar/build/my_robot
