running egg_info
creating ../../build/twist_converter/twist_converter.egg-info
writing ../../build/twist_converter/twist_converter.egg-info/PKG-INFO
writing dependency_links to ../../build/twist_converter/twist_converter.egg-info/dependency_links.txt
writing entry points to ../../build/twist_converter/twist_converter.egg-info/entry_points.txt
writing requirements to ../../build/twist_converter/twist_converter.egg-info/requires.txt
writing top-level names to ../../build/twist_converter/twist_converter.egg-info/top_level.txt
writing manifest file '../../build/twist_converter/twist_converter.egg-info/SOURCES.txt'
reading manifest file '../../build/twist_converter/twist_converter.egg-info/SOURCES.txt'
writing manifest file '../../build/twist_converter/twist_converter.egg-info/SOURCES.txt'
running build
running build_py
creating /home/dmitrytorov/radar/build/twist_converter/build/lib/twist_converter
copying twist_converter/twist_to_twist_stamped.py -> /home/dmitrytorov/radar/build/twist_converter/build/lib/twist_converter
copying twist_converter/__init__.py -> /home/dmitrytorov/radar/build/twist_converter/build/lib/twist_converter
running install
running install_lib
creating /home/dmitrytorov/radar/install/twist_converter/lib/python3.10/site-packages/twist_converter
copying /home/dmitrytorov/radar/build/twist_converter/build/lib/twist_converter/twist_to_twist_stamped.py -> /home/dmitrytorov/radar/install/twist_converter/lib/python3.10/site-packages/twist_converter
copying /home/dmitrytorov/radar/build/twist_converter/build/lib/twist_converter/__init__.py -> /home/dmitrytorov/radar/install/twist_converter/lib/python3.10/site-packages/twist_converter
byte-compiling /home/dmitrytorov/radar/install/twist_converter/lib/python3.10/site-packages/twist_converter/twist_to_twist_stamped.py to twist_to_twist_stamped.cpython-310.pyc
byte-compiling /home/dmitrytorov/radar/install/twist_converter/lib/python3.10/site-packages/twist_converter/__init__.py to __init__.cpython-310.pyc
running install_data
creating /home/dmitrytorov/radar/install/twist_converter/share/ament_index/resource_index/packages
copying resource/twist_converter -> /home/dmitrytorov/radar/install/twist_converter/share/ament_index/resource_index/packages
copying package.xml -> /home/dmitrytorov/radar/install/twist_converter/share/twist_converter
running install_egg_info
Copying ../../build/twist_converter/twist_converter.egg-info to /home/dmitrytorov/radar/install/twist_converter/lib/python3.10/site-packages/twist_converter-0.0.0-py3.10.egg-info
running install_scripts
Installing twist_to_twist_stamped script to /home/dmitrytorov/radar/install/twist_converter/lib/twist_converter
writing list of installed files to '/home/dmitrytorov/radar/build/twist_converter/install.log'
